0 0
3 1
5 2
9 3
15 4
22 5
30 6
38 7
48 8
59 9
69 10
78 11
88 12
99 13
103 14
115 15
128 16
140 17
149 18
161 19
172 20
182 21
195 22
208 23
222 24
228 25
243 26
256 27
269 28
282 29
296 30
311 31
318 32
332 33
344 34
356 35
368 36
383 37
397 38
406 39
422 40
438 41
449 42
464 43
481 44
497 45
510 46
525 47
530 48
547 49
563 50
571 51
590 52
604 53
619 54
636 55
645 56
661 57
679 58
696 59
712 60
731 61
744 62
760 63
774 64
787 65
805 66
825 67
835 68
849 69
865 70
879 71
890 72
910 73
920 74
937 75
946 76
963 77
982 78
997 79
1012 80
1028 81
1035 82
1052 83
1069 84
1081 85
1099 86
1117 87
1133 88
1142 89
1145 90
1162 91
1177 92
1195 93
1210 94
1225 95
1242 96
1261 97
1269 98
1288 99
1304 99
1324 99
1328 99
1346 99
1364 99
1378 99
1387 99
1401 99
1418 99
1436 99
1451 99
1465 99
1472 99
1480 99
1485 99
1500 99
1511 99
1521 99
1539 99
1551 99
1569 99
1584 99
1602 99
1610 99
1630 99
1644 99
1659 99
1678 99
1687 99
1700 99
1716 99
1727 99
1743 99
1757 99
1765 99
1776 99
1787 99
1803 99
1824 99
1837 99
1840 99
1842 99
1858 99
1861 99
1880 99
1888 99
1899 99
1915 99
1920 99
1939 99
1957 99
1975 99
1995 99
2005 99
2018 99
2025 99
2039 99
2059 99
2075 99
2095 99
2112 99
2126 99
2139 99
2157 99
2161 99
2174 99
2185 99
2202 99
2218 99
2231 99
2241 99
2244 99
2249 99
2268 99
2281 99
2296 99
2311 99
2317 99
2327 99
2343 99
2359 99
2369 99
2382 99
2396 99
2415 99
2431 99
2445 99
2462 99
2479 99
2496 99
2510 99
2518 99
2536 99
2545 99
2557 99
2575 99
2591 99
2602 99
2620 99
2630 99
