0 0
2 1
5 2
9 3
14 4
20 5
27 6
35 7
44 8
54 9
65 10
77 11
90 12
104 13
119 14
135 15
152 16
170 17
189 18
209 19
230 20
252 21
275 22
299 23
324 24
350 25
377 26
405 27
434 28
464 29
495 30
527 31
560 32
594 33
629 34
665 35
702 36
740 37
779 38
819 39
860 40
902 41
945 42
989 43
1034 44
1080 45
1127 46
1175 47
1224 48
1274 49
1325 50
1377 51
1430 52
1484 53
1539 54
1595 55
1652 56
1710 57
1769 58
1829 59
1890 60
1952 61
2015 62
2079 63
2144 64
2210 65
2277 66
2345 67
2414 68
2484 69
2555 70
2627 71
2700 72
2774 73
2849 74
2925 75
3002 76
3080 77
3159 78
3239 79
3320 80
3402 81
3485 82
3569 83
3654 84
3740 85
3827 86
3915 87
4004 88
4094 89
4185 90
4277 91
4370 92
4464 93
4559 94
4655 95
4752 96
4850 97
4949 98
5049 99
5053 99
5108 99
5139 99
5166 99
5178 99
5199 99
5283 99
5323 99
5371 99
5469 99
5483 99
5521 99
5545 99
5568 99
5659 99
5718 99
5774 99
5835 99
5859 99
5931 99
5950 99
6006 99
6039 99
6104 99
6150 99
6191 99
6197 99
6261 99
6340 99
6433 99
6497 99
6547 99
6607 99
6682 99
6707 99
6713 99
6767 99
6829 99
6893 99
6911 99
6959 99
7035 99
7099 99
7131 99
7186 99
7284 99
7305 99
7382 99
7436 99
7478 99
7485 99
7522 99
7535 99
7620 99
7704 99
7772 99
7864 99
7958 99
8002 99
8018 99
8025 99
8123 99
8219 99
8238 99
8319 99
8394 99
8442 99
8528 99
8567 99
8617 99
8664 99
8732 99
8812 99
8893 99
8928 99
8943 99
8979 99
9076 99
9167 99
9243 99
9332 99
9395 99
9458 99
9475 99
9491 99
9538 99
9603 99
9682 99
9724 99
9794 99
9833 99
9905 99
9948 99
9978 99
10076 99
10131 99
10172 99
10247 99
10334 99
10379 99
