0 0
3 1
7 2
9 3
14 4
20 8
24 9
28 10
34 11
41 12
47 13
52 17
57 18
63 19
71 20
77 25
84 26
91 27
99 28
107 29
114 30
121 31
130 32
139 37
149 41
154 42
164 46
173 52
181 53
189 54
197 58
206 63
216 68
224 73
233 78
242 79
251 80
263 84
272 85
282 86
292 87
303 88
313 93
323 94
334 98
343 99
351 100
362 104
372 105
382 106
390 107
399 112
410 117
420 118
431 123
439 124
450 129
459 130
468 131
479 132
488 137
498 138
509 139
521 144
532 149
544 150
556 155
563 156
572 157
583 162
591 163
603 167
613 168
624 169
635 170
644 171
654 172
665 177
673 178
684 182
694 187
704 188
716 193
725 194
734 195
746 199
758 200
769 201
780 202
790 207
800 208
810 209
822 210
835 215
844 216
855 221
869 225
880 231
894 232
904 233
914 233
922 233
931 233
942 233
952 233
965 233
976 233
981 233
991 233
1001 233
1011 233
1020 233
1028 233
1037 233
1048 233
1058 233
1069 233
1076 233
1087 233
1097 233
1109 233
1121 233
1129 233
1134 233
1145 233
1157 233
1165 233
1177 233
1188 233
1195 233
1205 233
1215 233
1225 233
1238 233
1244 233
1254 233
1264 233
1268 233
1278 233
1290 233
1298 233
1306 233
1310 233
1320 233
1332 233
1341 233
1352 233
1363 233
1373 233
1382 233
1392 233
1397 233
1406 233
1411 233
1423 233
1429 233
1439 233
1449 233
1459 233
1467 233
1477 233
1482 233
1490 233
1498 233
1504 233
1515 233
1523 233
1532 233
1542 233
1551 233
1563 233
1573 233
1584 233
1593 233
1603 233
1612 233
1620 233
1628 233
1630 233
1641 233
1652 233
1660 233
1672 233
1683 233
1693 233
1703 233
1713 233
1720 233
1726 233
1736 233
1742 233
1751 233
1759 233
1764 233
1772 233
1780 233
1786 233
1795 233
1804 233
1810 233
