0 0
2 1
5 2
9 5
13 8
17 9
22 13
27 17
32 21
37 25
42 29
47 30
53 34
59 38
65 43
71 47
77 51
83 55
89 59
95 63
101 68
107 72
113 76
119 77
126 81
133 85
140 90
147 94
154 98
161 103
168 107
175 111
182 116
189 120
196 124
203 128
210 132
217 136
224 141
231 145
238 149
245 154
252 158
259 162
266 167
273 171
280 175
287 176
295 180
303 184
311 189
319 193
327 197
335 202
343 206
351 210
359 215
367 219
375 223
383 228
391 232
399 236
407 241
415 245
423 249
431 254
439 258
447 262
455 267
463 271
471 275
479 279
487 283
495 287
503 292
511 296
519 300
527 305
535 309
543 313
551 318
559 322
567 326
575 331
583 335
591 339
599 344
607 348
615 352
623 357
631 361
639 365
647 370
655 374
663 378
671 379
680 383
689 387
698 392
707 396
717 396
730 396
739 396
745 396
759 396
767 396
771 396
781 396
791 396
802 396
808 396
819 396
829 396
839 396
850 396
859 396
866 396
877 396
887 396
898 396
904 396
915 396
919 396
929 396
940 396
950 396
958 396
968 396
973 396
986 396
996 396
1006 396
1015 396
1023 396
1034 396
1045 396
1056 396
1067 396
1077 396
1084 396
1093 396
1105 396
1114 396
1127 396
1137 396
1142 396
1154 396
1166 396
1177 396
1179 396
1189 396
1198 396
1206 396
1218 396
1227 396
1239 396
1250 396
1262 396
1269 396
1279 396
1287 396
1298 396
1309 396
1323 396
1331 396
1338 396
1347 396
1355 396
1366 396
1376 396
1386 396
1395 396
1405 396
1418 396
1431 396
1440 396
1449 396
1455 396
1464 396
1473 396
1484 396
1491 396
1500 396
1512 396
1520 396
1529 396
1534 396
1543 396
1550 396
1561 396
1572 396
1581 396
1586 396
1597 396
1609 396
1617 396
1625 396
1632 396
1641 396
1654 396
