0 0
3 1
8 2
15 3
24 4
35 5
48 6
63 7
80 8
99 9
120 10
143 11
168 12
195 13
224 14
255 15
288 16
323 17
360 18
399 19
440 20
483 21
528 22
575 23
624 24
675 25
728 26
783 27
840 28
899 29
960 30
1023 31
1088 32
1155 33
1224 34
1295 35
1368 36
1443 37
1520 38
1599 39
1680 40
1763 41
1848 42
1935 43
2024 44
2115 45
2208 46
2303 47
2400 48
2499 49
2600 50
2703 51
2808 52
2915 53
3024 54
3135 55
3248 56
3363 57
3480 58
3599 59
3720 60
3843 61
3968 62
4095 63
4224 64
4355 65
4488 66
4623 67
4760 68
4899 69
5040 70
5183 71
5328 72
5475 73
5624 74
5775 75
5928 76
6083 77
6240 78
6399 79
6560 80
6723 81
6888 82
7055 83
7224 84
7395 85
7568 86
7743 87
7920 88
8099 89
8280 90
8463 91
8648 92
8835 93
9024 94
9215 95
9408 96
9603 97
9800 98
9999 99
10171 99
10303 99
10377 99
10575 99
10767 99
10833 99
11023 99
11115 99
11209 99
11347 99
11395 99
11487 99
11539 99
11687 99
11787 99
11941 99
11989 99
12031 99
12047 99
12121 99
12255 99
12373 99
12491 99
12553 99
12613 99
12707 99
12905 99
12909 99
13049 99
13183 99
13223 99
13329 99
13473 99
13489 99
13497 99
13577 99
13645 99
13771 99
13961 99
14143 99
14297 99
14397 99
14589 99
14757 99
14855 99
15051 99
15053 99
15097 99
15159 99
15305 99
15433 99
15445 99
15575 99
15763 99
15907 99
15987 99
16125 99
16155 99
16275 99
16311 99
16341 99
16461 99
16479 99
16669 99
16807 99
16833 99
16865 99
16915 99
17095 99
17237 99
17363 99
17543 99
17741 99
17877 99
18005 99
18081 99
18195 99
18221 99
18309 99
18329 99
18493 99
18637 99
18745 99
18887 99
19039 99
19133 99
19295 99
19331 99
19341 99
19359 99
19377 99
19447 99
19493 99
19523 99
19525 99
19621 99
19751 99
19805 99
19943 99
20015 99
