0 0
3 1
8 2
15 5
22 8
29 9
38 13
47 17
56 21
65 25
74 29
83 30
94 34
105 38
116 43
127 47
138 51
149 55
160 59
171 63
182 68
193 72
204 76
215 77
228 81
241 85
254 90
267 94
280 98
293 103
306 107
319 111
332 116
345 120
358 124
371 128
384 132
397 136
410 141
423 145
436 149
449 154
462 158
475 162
488 167
501 171
514 175
527 176
542 180
557 184
572 189
587 193
602 197
617 202
632 206
647 210
662 215
677 219
692 223
707 228
722 232
737 236
752 241
767 245
782 249
797 254
812 258
827 262
842 267
857 271
872 275
887 279
902 283
917 287
932 292
947 296
962 300
977 305
992 309
1007 313
1022 318
1037 322
1052 326
1067 331
1082 335
1097 339
1112 344
1127 348
1142 352
1157 357
1172 361
1187 365
1202 370
1217 374
1232 378
1247 379
1264 383
1281 387
1298 392
1315 396
1324 396
1334 396
1344 396
1349 396
1358 396
1362 396
1371 396
1383 396
1392 396
1405 396
1413 396
1424 396
1434 396
1439 396
1450 396
1460 396
1468 396
1478 396
1489 396
1499 396
1508 396
1518 396
1527 396
1539 396
1549 396
1555 396
1562 396
1571 396
1581 396
1589 396
1597 396
1609 396
1619 396
1629 396
1638 396
1648 396
1658 396
1666 396
1676 396
1687 396
1695 396
1705 396
1709 396
1716 396
1723 396
1734 396
1746 396
1757 396
1765 396
1775 396
1785 396
1793 396
1803 396
1813 396
1818 396
1829 396
1838 396
1847 396
1857 396
1864 396
1870 396
1875 396
1889 396
1900 396
1906 396
1917 396
1924 396
1932 396
1940 396
1952 396
1963 396
1974 396
1982 396
1992 396
2003 396
2007 396
2017 396
2027 396
2034 396
2043 396
2053 396
2063 396
2072 396
2080 396
2089 396
2098 396
2106 396
2111 396
2121 396
2131 396
2140 396
2151 396
2161 396
2171 396
2181 396
2188 396
2195 396
2206 396
2210 396
2216 396
