0 0
3 1
8 2
15 3
24 4
35 5
48 6
63 7
80 8
99 9
120 10
143 11
168 12
195 13
224 14
255 15
288 16
323 17
360 18
399 19
440 20
483 21
528 22
575 23
624 24
675 25
728 26
783 27
840 28
899 29
960 30
1023 31
1088 32
1155 33
1224 34
1295 35
1368 36
1443 37
1520 38
1599 39
1619 39
1623 39
1671 39
1727 39
1785 39
1791 39
1811 39
1823 39
1885 39
1919 39
1945 39
1971 39
1995 39
2047 39
2107 39
2169 39
2235 39
2253 39
2309 39
2357 39
2377 39
2395 39
2467 39
2505 39
2547 39
2611 39
2677 39
2715 39
2727 39
2799 39
2811 39
2845 39
2899 39
2919 39
2991 39
3029 39
3063 39
3077 39
3139 39
3189 39
